../Core/Src/main.c:87:5:main	120	static
../Core/Src/main.c:197:6:SystemClock_Config	88	static
../Core/Src/main.c:244:13:MX_I2C1_Init	8	static
../Core/Src/main.c:278:13:MX_TIM1_Init	32	static
../Core/Src/main.c:324:13:MX_TIM2_Init	64	static
../Core/Src/main.c:383:13:MX_USART2_UART_Init	8	static
../Core/Src/main.c:416:13:MX_GPIO_Init	40	static
../Core/Src/main.c:459:5:_write	24	static
../Core/Src/main.c:467:6:delay_us	16	static
../Core/Src/main.c:472:7:get_distance_us015	24	static
../Core/Src/main.c:492:6:BNO055_Init	32	static
../Core/Src/main.c:503:6:BNO055_GetAccel	48	static
../Core/Src/main.c:511:9:GetAccelData	40	static
../Core/Src/main.c:518:9:GetMagnetData	40	static
../Core/Src/main.c:529:6:Error_Handler	4	static,ignoring_inline_asm
