../Core/Src/main.c:85:5:main	120	static
../Core/Src/main.c:178:6:SystemClock_Config	88	static
../Core/Src/main.c:225:13:MX_I2C1_Init	8	static
../Core/Src/main.c:259:13:MX_TIM1_Init	32	static
../Core/Src/main.c:305:13:MX_USART2_UART_Init	8	static
../Core/Src/main.c:338:13:MX_GPIO_Init	40	static
../Core/Src/main.c:371:5:_write	24	static
../Core/Src/main.c:379:6:delay_us	16	static
../Core/Src/main.c:384:7:get_distance_us015	24	static
../Core/Src/main.c:404:6:BNO055_Init	32	static
../Core/Src/main.c:415:6:BNO055_GetAccel	48	static
../Core/Src/main.c:423:9:GetAccelData	40	static
../Core/Src/main.c:430:9:GetMagnetData	40	static
../Core/Src/main.c:441:6:Error_Handler	4	static,ignoring_inline_asm
